ERROR - 2024-11-25 00:57:54 --> mysqli_sql_exception: Expression #1 of ORDER BY clause is not in GROUP BY clause and contains nonaggregated column 'seniorcaredb.userdonation.donationdate' which is not functionally dependent on columns in GROUP BY clause; this is incompatible with sql_mode=only_full_group_by in D:\laragon\www\method-oldagehome\system\Database\MySQLi\Connection.php:306
Stack trace:
#0 D:\laragon\www\method-oldagehome\system\Database\MySQLi\Connection.php(306): mysqli->query('SELECT MONTH(do...', 0)
#1 D:\laragon\www\method-oldagehome\system\Database\BaseConnection.php(692): CodeIgniter\Database\MySQLi\Connection->execute('SELECT MONTH(do...')
#2 D:\laragon\www\method-oldagehome\system\Database\BaseConnection.php(606): CodeIgniter\Database\BaseConnection->simpleQuery('SELECT MONTH(do...')
#3 D:\laragon\www\method-oldagehome\system\Database\BaseBuilder.php(1615): CodeIgniter\Database\BaseConnection->query('SELECT MONTH(do...', Array, false)
#4 D:\laragon\www\method-oldagehome\system\Model.php(237): CodeIgniter\Database\BaseBuilder->get()
#5 D:\laragon\www\method-oldagehome\system\BaseModel.php(624): CodeIgniter\Model->doFindAll(0, 0)
#6 D:\laragon\www\method-oldagehome\app\Controllers\ViewController.php(325): CodeIgniter\BaseModel->findAll()
#7 D:\laragon\www\method-oldagehome\system\CodeIgniter.php(919): App\Controllers\ViewController->dash()
#8 D:\laragon\www\method-oldagehome\system\CodeIgniter.php(494): CodeIgniter\CodeIgniter->runController(Object(App\Controllers\ViewController))
#9 D:\laragon\www\method-oldagehome\system\CodeIgniter.php(353): CodeIgniter\CodeIgniter->handleRequest(NULL, Object(Config\Cache), false)
#10 D:\laragon\www\method-oldagehome\public\index.php(79): CodeIgniter\CodeIgniter->run()
#11 D:\laragon\www\method-oldagehome\system\Commands\Server\rewrite.php(47): require_once('D:\\laragon\\www\\...')
#12 {main}
CRITICAL - 2024-11-25 00:57:54 --> Expression #1 of ORDER BY clause is not in GROUP BY clause and contains nonaggregated column 'seniorcaredb.userdonation.donationdate' which is not functionally dependent on columns in GROUP BY clause; this is incompatible with sql_mode=only_full_group_by
in SYSTEMPATH\Database\BaseConnection.php on line 646.
 1 SYSTEMPATH\Database\BaseBuilder.php(1615): CodeIgniter\Database\BaseConnection->query('SELECT MONTH(donationdate) as month, SUM(cashDonation) as total
FROM `userdonation`
WHERE `status` = :status:
GROUP BY MONTH(donationdate)
ORDER BY `donationdate`', [...], false)
 2 SYSTEMPATH\Model.php(237): CodeIgniter\Database\BaseBuilder->get()
 3 SYSTEMPATH\BaseModel.php(624): CodeIgniter\Model->doFindAll(0, 0)
 4 APPPATH\Controllers\ViewController.php(325): CodeIgniter\BaseModel->findAll()
 5 SYSTEMPATH\CodeIgniter.php(919): App\Controllers\ViewController->dash()
 6 SYSTEMPATH\CodeIgniter.php(494): CodeIgniter\CodeIgniter->runController(Object(App\Controllers\ViewController))
 7 SYSTEMPATH\CodeIgniter.php(353): CodeIgniter\CodeIgniter->handleRequest(null, Object(Config\Cache), false)
 8 FCPATH\index.php(79): CodeIgniter\CodeIgniter->run()
 9 SYSTEMPATH\Commands\Server\rewrite.php(47): require_once('D:\\laragon\\www\\method-oldagehome\\public\\index.php')
CRITICAL - 2024-11-25 01:45:09 --> Undefined variable $data
in APPPATH\Controllers\ViewController.php on line 329.
 1 APPPATH\Controllers\ViewController.php(329): CodeIgniter\Debug\Exceptions->errorHandler(2, 'Undefined variable $data', 'D:\\laragon\\www\\method-oldagehome\\app\\Controllers\\ViewController.php', 329)
 2 SYSTEMPATH\CodeIgniter.php(919): App\Controllers\ViewController->donationsByMonth()
 3 SYSTEMPATH\CodeIgniter.php(494): CodeIgniter\CodeIgniter->runController(Object(App\Controllers\ViewController))
 4 SYSTEMPATH\CodeIgniter.php(353): CodeIgniter\CodeIgniter->handleRequest(null, Object(Config\Cache), false)
 5 FCPATH\index.php(79): CodeIgniter\CodeIgniter->run()
 6 SYSTEMPATH\Commands\Server\rewrite.php(47): require_once('D:\\laragon\\www\\method-oldagehome\\public\\index.php')
CRITICAL - 2024-11-25 00:32:29 --> Undefined variable $result
in APPPATH\Models\UserbookingModel.php on line 72.
 1 APPPATH\Models\UserbookingModel.php(72): CodeIgniter\Debug\Exceptions->errorHandler(2, 'Undefined variable $result', 'D:\\laragon\\www\\method-oldagehome\\app\\Models\\UserbookingModel.php', 72)
 2 APPPATH\Controllers\UserbookingController.php(46): App\Models\UserbookingModel->getBookingsByMonth()
 3 SYSTEMPATH\CodeIgniter.php(919): App\Controllers\UserbookingController->index1()
 4 SYSTEMPATH\CodeIgniter.php(494): CodeIgniter\CodeIgniter->runController(Object(App\Controllers\UserbookingController))
 5 SYSTEMPATH\CodeIgniter.php(353): CodeIgniter\CodeIgniter->handleRequest(null, Object(Config\Cache), false)
 6 FCPATH\index.php(79): CodeIgniter\CodeIgniter->run()
 7 SYSTEMPATH\Commands\Server\rewrite.php(47): require_once('D:\\laragon\\www\\method-oldagehome\\public\\index.php')
CRITICAL - 2024-11-25 00:35:43 --> Object of class App\Controllers\UserbookingController could not be converted to string
in APPPATH\Controllers\UserbookingController.php on line 46.
 1 SYSTEMPATH\CodeIgniter.php(919): App\Controllers\UserbookingController->index1()
 2 SYSTEMPATH\CodeIgniter.php(494): CodeIgniter\CodeIgniter->runController(Object(App\Controllers\UserbookingController))
 3 SYSTEMPATH\CodeIgniter.php(353): CodeIgniter\CodeIgniter->handleRequest(null, Object(Config\Cache), false)
 4 FCPATH\index.php(79): CodeIgniter\CodeIgniter->run()
 5 SYSTEMPATH\Commands\Server\rewrite.php(47): require_once('D:\\laragon\\www\\method-oldagehome\\public\\index.php')
CRITICAL - 2024-11-25 00:36:27 --> Object of class App\Controllers\UserbookingController could not be converted to string
in APPPATH\Controllers\UserbookingController.php on line 46.
 1 SYSTEMPATH\CodeIgniter.php(919): App\Controllers\UserbookingController->index1()
 2 SYSTEMPATH\CodeIgniter.php(494): CodeIgniter\CodeIgniter->runController(Object(App\Controllers\UserbookingController))
 3 SYSTEMPATH\CodeIgniter.php(353): CodeIgniter\CodeIgniter->handleRequest(null, Object(Config\Cache), false)
 4 FCPATH\index.php(79): CodeIgniter\CodeIgniter->run()
 5 SYSTEMPATH\Commands\Server\rewrite.php(47): require_once('D:\\laragon\\www\\method-oldagehome\\public\\index.php')
CRITICAL - 2024-11-25 00:36:28 --> Object of class App\Controllers\UserbookingController could not be converted to string
in APPPATH\Controllers\UserbookingController.php on line 46.
 1 SYSTEMPATH\CodeIgniter.php(919): App\Controllers\UserbookingController->index1()
 2 SYSTEMPATH\CodeIgniter.php(494): CodeIgniter\CodeIgniter->runController(Object(App\Controllers\UserbookingController))
 3 SYSTEMPATH\CodeIgniter.php(353): CodeIgniter\CodeIgniter->handleRequest(null, Object(Config\Cache), false)
 4 FCPATH\index.php(79): CodeIgniter\CodeIgniter->run()
 5 SYSTEMPATH\Commands\Server\rewrite.php(47): require_once('D:\\laragon\\www\\method-oldagehome\\public\\index.php')
CRITICAL - 2024-11-25 00:37:00 --> Object of class App\Controllers\UserbookingController could not be converted to string
in APPPATH\Controllers\UserbookingController.php on line 46.
 1 SYSTEMPATH\CodeIgniter.php(919): App\Controllers\UserbookingController->index1()
 2 SYSTEMPATH\CodeIgniter.php(494): CodeIgniter\CodeIgniter->runController(Object(App\Controllers\UserbookingController))
 3 SYSTEMPATH\CodeIgniter.php(353): CodeIgniter\CodeIgniter->handleRequest(null, Object(Config\Cache), false)
 4 FCPATH\index.php(79): CodeIgniter\CodeIgniter->run()
 5 SYSTEMPATH\Commands\Server\rewrite.php(47): require_once('D:\\laragon\\www\\method-oldagehome\\public\\index.php')
CRITICAL - 2024-11-25 00:37:32 --> Object of class App\Controllers\UserbookingController could not be converted to string
in APPPATH\Controllers\UserbookingController.php on line 46.
 1 SYSTEMPATH\CodeIgniter.php(919): App\Controllers\UserbookingController->index1()
 2 SYSTEMPATH\CodeIgniter.php(494): CodeIgniter\CodeIgniter->runController(Object(App\Controllers\UserbookingController))
 3 SYSTEMPATH\CodeIgniter.php(353): CodeIgniter\CodeIgniter->handleRequest(null, Object(Config\Cache), false)
 4 FCPATH\index.php(79): CodeIgniter\CodeIgniter->run()
 5 SYSTEMPATH\Commands\Server\rewrite.php(47): require_once('D:\\laragon\\www\\method-oldagehome\\public\\index.php')
CRITICAL - 2024-11-25 00:38:02 --> Object of class App\Controllers\UserbookingController could not be converted to string
in APPPATH\Controllers\UserbookingController.php on line 46.
 1 SYSTEMPATH\CodeIgniter.php(919): App\Controllers\UserbookingController->index1()
 2 SYSTEMPATH\CodeIgniter.php(494): CodeIgniter\CodeIgniter->runController(Object(App\Controllers\UserbookingController))
 3 SYSTEMPATH\CodeIgniter.php(353): CodeIgniter\CodeIgniter->handleRequest(null, Object(Config\Cache), false)
 4 FCPATH\index.php(79): CodeIgniter\CodeIgniter->run()
 5 SYSTEMPATH\Commands\Server\rewrite.php(47): require_once('D:\\laragon\\www\\method-oldagehome\\public\\index.php')
CRITICAL - 2024-11-25 00:38:20 --> Object of class App\Controllers\UserbookingController could not be converted to string
in APPPATH\Controllers\UserbookingController.php on line 46.
 1 SYSTEMPATH\CodeIgniter.php(919): App\Controllers\UserbookingController->index1()
 2 SYSTEMPATH\CodeIgniter.php(494): CodeIgniter\CodeIgniter->runController(Object(App\Controllers\UserbookingController))
 3 SYSTEMPATH\CodeIgniter.php(353): CodeIgniter\CodeIgniter->handleRequest(null, Object(Config\Cache), false)
 4 FCPATH\index.php(79): CodeIgniter\CodeIgniter->run()
 5 SYSTEMPATH\Commands\Server\rewrite.php(47): require_once('D:\\laragon\\www\\method-oldagehome\\public\\index.php')
ERROR - 2024-11-25 01:00:44 --> mysqli_sql_exception: You have an error in your SQL syntax; check the manual that corresponds to your MySQL server version for the right syntax to use near 'as total_donations
FROM `inkinddonation_tbl`
WHERE `status` = 'Received'
GROUP B' at line 1 in D:\laragon\www\method-oldagehome\system\Database\MySQLi\Connection.php:306
Stack trace:
#0 D:\laragon\www\method-oldagehome\system\Database\MySQLi\Connection.php(306): mysqli->query('SELECT YEAR(don...', 0)
#1 D:\laragon\www\method-oldagehome\system\Database\BaseConnection.php(692): CodeIgniter\Database\MySQLi\Connection->execute('SELECT YEAR(don...')
#2 D:\laragon\www\method-oldagehome\system\Database\BaseConnection.php(606): CodeIgniter\Database\BaseConnection->simpleQuery('SELECT YEAR(don...')
#3 D:\laragon\www\method-oldagehome\system\Database\BaseBuilder.php(1615): CodeIgniter\Database\BaseConnection->query('SELECT YEAR(don...', Array, false)
#4 D:\laragon\www\method-oldagehome\system\Model.php(237): CodeIgniter\Database\BaseBuilder->get()
#5 D:\laragon\www\method-oldagehome\system\BaseModel.php(624): CodeIgniter\Model->doFindAll(0, 0)
#6 D:\laragon\www\method-oldagehome\app\Controllers\ReportController.php(39): CodeIgniter\BaseModel->findAll()
#7 D:\laragon\www\method-oldagehome\system\CodeIgniter.php(919): App\Controllers\ReportController->getInKindDonations()
#8 D:\laragon\www\method-oldagehome\system\CodeIgniter.php(494): CodeIgniter\CodeIgniter->runController(Object(App\Controllers\ReportController))
#9 D:\laragon\www\method-oldagehome\system\CodeIgniter.php(353): CodeIgniter\CodeIgniter->handleRequest(NULL, Object(Config\Cache), false)
#10 D:\laragon\www\method-oldagehome\public\index.php(79): CodeIgniter\CodeIgniter->run()
#11 D:\laragon\www\method-oldagehome\system\Commands\Server\rewrite.php(47): require_once('D:\\laragon\\www\\...')
#12 {main}
CRITICAL - 2024-11-25 01:00:44 --> You have an error in your SQL syntax; check the manual that corresponds to your MySQL server version for the right syntax to use near 'as total_donations
FROM `inkinddonation_tbl`
WHERE `status` = 'Received'
GROUP B' at line 1
in SYSTEMPATH\Database\BaseConnection.php on line 646.
 1 SYSTEMPATH\Database\BaseBuilder.php(1615): CodeIgniter\Database\BaseConnection->query('SELECT YEAR(donationdate) as year, MONTH(donationdate) as month, COUNT(*) AS as total_donations
FROM `inkinddonation_tbl`
WHERE `status` = :status:
GROUP BY YEAR(donationdate), MONTH(donationdate)
ORDER BY YEAR(donationdate), MONTH(donationdate)', [...], false)
 2 SYSTEMPATH\Model.php(237): CodeIgniter\Database\BaseBuilder->get()
 3 SYSTEMPATH\BaseModel.php(624): CodeIgniter\Model->doFindAll(0, 0)
 4 APPPATH\Controllers\ReportController.php(39): CodeIgniter\BaseModel->findAll()
 5 SYSTEMPATH\CodeIgniter.php(919): App\Controllers\ReportController->getInKindDonations()
 6 SYSTEMPATH\CodeIgniter.php(494): CodeIgniter\CodeIgniter->runController(Object(App\Controllers\ReportController))
 7 SYSTEMPATH\CodeIgniter.php(353): CodeIgniter\CodeIgniter->handleRequest(null, Object(Config\Cache), false)
 8 FCPATH\index.php(79): CodeIgniter\CodeIgniter->run()
 9 SYSTEMPATH\Commands\Server\rewrite.php(47): require_once('D:\\laragon\\www\\method-oldagehome\\public\\index.php')
ERROR - 2024-11-25 01:01:46 --> mysqli_sql_exception: You have an error in your SQL syntax; check the manual that corresponds to your MySQL server version for the right syntax to use near 'as total_donations
FROM `inkinddonation_tbl`
WHERE `status` = 'Received'
GROUP B' at line 1 in D:\laragon\www\method-oldagehome\system\Database\MySQLi\Connection.php:306
Stack trace:
#0 D:\laragon\www\method-oldagehome\system\Database\MySQLi\Connection.php(306): mysqli->query('SELECT YEAR(don...', 0)
#1 D:\laragon\www\method-oldagehome\system\Database\BaseConnection.php(692): CodeIgniter\Database\MySQLi\Connection->execute('SELECT YEAR(don...')
#2 D:\laragon\www\method-oldagehome\system\Database\BaseConnection.php(606): CodeIgniter\Database\BaseConnection->simpleQuery('SELECT YEAR(don...')
#3 D:\laragon\www\method-oldagehome\system\Database\BaseBuilder.php(1615): CodeIgniter\Database\BaseConnection->query('SELECT YEAR(don...', Array, false)
#4 D:\laragon\www\method-oldagehome\system\Model.php(237): CodeIgniter\Database\BaseBuilder->get()
#5 D:\laragon\www\method-oldagehome\system\BaseModel.php(624): CodeIgniter\Model->doFindAll(0, 0)
#6 D:\laragon\www\method-oldagehome\app\Controllers\ReportController.php(39): CodeIgniter\BaseModel->findAll()
#7 D:\laragon\www\method-oldagehome\system\CodeIgniter.php(919): App\Controllers\ReportController->getInKindDonations()
#8 D:\laragon\www\method-oldagehome\system\CodeIgniter.php(494): CodeIgniter\CodeIgniter->runController(Object(App\Controllers\ReportController))
#9 D:\laragon\www\method-oldagehome\system\CodeIgniter.php(353): CodeIgniter\CodeIgniter->handleRequest(NULL, Object(Config\Cache), false)
#10 D:\laragon\www\method-oldagehome\public\index.php(79): CodeIgniter\CodeIgniter->run()
#11 D:\laragon\www\method-oldagehome\system\Commands\Server\rewrite.php(47): require_once('D:\\laragon\\www\\...')
#12 {main}
CRITICAL - 2024-11-25 01:01:46 --> You have an error in your SQL syntax; check the manual that corresponds to your MySQL server version for the right syntax to use near 'as total_donations
FROM `inkinddonation_tbl`
WHERE `status` = 'Received'
GROUP B' at line 1
in SYSTEMPATH\Database\BaseConnection.php on line 646.
 1 SYSTEMPATH\Database\BaseBuilder.php(1615): CodeIgniter\Database\BaseConnection->query('SELECT YEAR(donationdate) as year, MONTH(donationdate) as month, COUNT(*) AS as total_donations
FROM `inkinddonation_tbl`
WHERE `status` = :status:
GROUP BY YEAR(donationdate), MONTH(donationdate)
ORDER BY YEAR(donationdate), MONTH(donationdate)', [...], false)
 2 SYSTEMPATH\Model.php(237): CodeIgniter\Database\BaseBuilder->get()
 3 SYSTEMPATH\BaseModel.php(624): CodeIgniter\Model->doFindAll(0, 0)
 4 APPPATH\Controllers\ReportController.php(39): CodeIgniter\BaseModel->findAll()
 5 SYSTEMPATH\CodeIgniter.php(919): App\Controllers\ReportController->getInKindDonations()
 6 SYSTEMPATH\CodeIgniter.php(494): CodeIgniter\CodeIgniter->runController(Object(App\Controllers\ReportController))
 7 SYSTEMPATH\CodeIgniter.php(353): CodeIgniter\CodeIgniter->handleRequest(null, Object(Config\Cache), false)
 8 FCPATH\index.php(79): CodeIgniter\CodeIgniter->run()
 9 SYSTEMPATH\Commands\Server\rewrite.php(47): require_once('D:\\laragon\\www\\method-oldagehome\\public\\index.php')
CRITICAL - 2024-11-25 01:05:38 --> syntax error, unexpected token "->", expecting identifier or variable or "{" or "$"
in APPPATH\Controllers\ReportController.php on line 36.
 1 SYSTEMPATH\Autoloader\Autoloader.php(285): CodeIgniter\Autoloader\Autoloader->includeFile('D:\\laragon\\www\\method-oldagehome\\app\\Controllers\\ReportController.php')
 2 SYSTEMPATH\Autoloader\Autoloader.php(263): CodeIgniter\Autoloader\Autoloader->loadInNamespace('App\\Controllers\\ReportController')
 3 [internal function]: CodeIgniter\Autoloader\Autoloader->loadClass('App\\Controllers\\ReportController')
 4 SYSTEMPATH\CodeIgniter.php(877): class_exists('\\App\\Controllers\\ReportController', true)
 5 SYSTEMPATH\CodeIgniter.php(481): CodeIgniter\CodeIgniter->startController()
 6 SYSTEMPATH\CodeIgniter.php(353): CodeIgniter\CodeIgniter->handleRequest(null, Object(Config\Cache), false)
 7 FCPATH\index.php(79): CodeIgniter\CodeIgniter->run()
 8 SYSTEMPATH\Commands\Server\rewrite.php(47): require_once('D:\\laragon\\www\\method-oldagehome\\public\\index.php')
ERROR - 2024-11-25 01:05:52 --> mysqli_sql_exception: You have an error in your SQL syntax; check the manual that corresponds to your MySQL server version for the right syntax to use near 'as total_Inkinds
FROM `inkinddonation_tbl`
WHERE `status` = 'Received'
AND `stat' at line 1 in D:\laragon\www\method-oldagehome\system\Database\MySQLi\Connection.php:306
Stack trace:
#0 D:\laragon\www\method-oldagehome\system\Database\MySQLi\Connection.php(306): mysqli->query('SELECT YEAR(don...', 0)
#1 D:\laragon\www\method-oldagehome\system\Database\BaseConnection.php(692): CodeIgniter\Database\MySQLi\Connection->execute('SELECT YEAR(don...')
#2 D:\laragon\www\method-oldagehome\system\Database\BaseConnection.php(606): CodeIgniter\Database\BaseConnection->simpleQuery('SELECT YEAR(don...')
#3 D:\laragon\www\method-oldagehome\system\Database\BaseBuilder.php(1615): CodeIgniter\Database\BaseConnection->query('SELECT YEAR(don...', Array, false)
#4 D:\laragon\www\method-oldagehome\system\Model.php(237): CodeIgniter\Database\BaseBuilder->get()
#5 D:\laragon\www\method-oldagehome\system\BaseModel.php(624): CodeIgniter\Model->doFindAll(0, 0)
#6 D:\laragon\www\method-oldagehome\app\Controllers\ReportController.php(40): CodeIgniter\BaseModel->findAll()
#7 D:\laragon\www\method-oldagehome\system\CodeIgniter.php(919): App\Controllers\ReportController->getInKindDonations()
#8 D:\laragon\www\method-oldagehome\system\CodeIgniter.php(494): CodeIgniter\CodeIgniter->runController(Object(App\Controllers\ReportController))
#9 D:\laragon\www\method-oldagehome\system\CodeIgniter.php(353): CodeIgniter\CodeIgniter->handleRequest(NULL, Object(Config\Cache), false)
#10 D:\laragon\www\method-oldagehome\public\index.php(79): CodeIgniter\CodeIgniter->run()
#11 D:\laragon\www\method-oldagehome\system\Commands\Server\rewrite.php(47): require_once('D:\\laragon\\www\\...')
#12 {main}
CRITICAL - 2024-11-25 01:05:52 --> You have an error in your SQL syntax; check the manual that corresponds to your MySQL server version for the right syntax to use near 'as total_Inkinds
FROM `inkinddonation_tbl`
WHERE `status` = 'Received'
AND `stat' at line 1
in SYSTEMPATH\Database\BaseConnection.php on line 646.
 1 SYSTEMPATH\Database\BaseBuilder.php(1615): CodeIgniter\Database\BaseConnection->query('SELECT YEAR(donationdate) as year, MONTH(donationdate) as month, COUNT(*) AS as total_Inkinds
FROM `inkinddonation_tbl`
WHERE `status` = :status:
AND `status` = :status.1:
GROUP BY YEAR(donationdate), MONTH(donationdate)
ORDER BY YEAR(donationdate), MONTH(donationdate)', [...], false)
 2 SYSTEMPATH\Model.php(237): CodeIgniter\Database\BaseBuilder->get()
 3 SYSTEMPATH\BaseModel.php(624): CodeIgniter\Model->doFindAll(0, 0)
 4 APPPATH\Controllers\ReportController.php(40): CodeIgniter\BaseModel->findAll()
 5 SYSTEMPATH\CodeIgniter.php(919): App\Controllers\ReportController->getInKindDonations()
 6 SYSTEMPATH\CodeIgniter.php(494): CodeIgniter\CodeIgniter->runController(Object(App\Controllers\ReportController))
 7 SYSTEMPATH\CodeIgniter.php(353): CodeIgniter\CodeIgniter->handleRequest(null, Object(Config\Cache), false)
 8 FCPATH\index.php(79): CodeIgniter\CodeIgniter->run()
 9 SYSTEMPATH\Commands\Server\rewrite.php(47): require_once('D:\\laragon\\www\\method-oldagehome\\public\\index.php')
ERROR - 2024-11-25 01:06:40 --> mysqli_sql_exception: You have an error in your SQL syntax; check the manual that corresponds to your MySQL server version for the right syntax to use near 'as total_Inkinds
FROM `inkinddonation_tbl`
WHERE `status` = 'Received'
AND `stat' at line 1 in D:\laragon\www\method-oldagehome\system\Database\MySQLi\Connection.php:306
Stack trace:
#0 D:\laragon\www\method-oldagehome\system\Database\MySQLi\Connection.php(306): mysqli->query('SELECT YEAR(don...', 0)
#1 D:\laragon\www\method-oldagehome\system\Database\BaseConnection.php(692): CodeIgniter\Database\MySQLi\Connection->execute('SELECT YEAR(don...')
#2 D:\laragon\www\method-oldagehome\system\Database\BaseConnection.php(606): CodeIgniter\Database\BaseConnection->simpleQuery('SELECT YEAR(don...')
#3 D:\laragon\www\method-oldagehome\system\Database\BaseBuilder.php(1615): CodeIgniter\Database\BaseConnection->query('SELECT YEAR(don...', Array, false)
#4 D:\laragon\www\method-oldagehome\system\Model.php(237): CodeIgniter\Database\BaseBuilder->get()
#5 D:\laragon\www\method-oldagehome\system\BaseModel.php(624): CodeIgniter\Model->doFindAll(0, 0)
#6 D:\laragon\www\method-oldagehome\app\Controllers\ReportController.php(40): CodeIgniter\BaseModel->findAll()
#7 D:\laragon\www\method-oldagehome\system\CodeIgniter.php(919): App\Controllers\ReportController->getInKindDonations()
#8 D:\laragon\www\method-oldagehome\system\CodeIgniter.php(494): CodeIgniter\CodeIgniter->runController(Object(App\Controllers\ReportController))
#9 D:\laragon\www\method-oldagehome\system\CodeIgniter.php(353): CodeIgniter\CodeIgniter->handleRequest(NULL, Object(Config\Cache), false)
#10 D:\laragon\www\method-oldagehome\public\index.php(79): CodeIgniter\CodeIgniter->run()
#11 D:\laragon\www\method-oldagehome\system\Commands\Server\rewrite.php(47): require_once('D:\\laragon\\www\\...')
#12 {main}
CRITICAL - 2024-11-25 01:06:40 --> You have an error in your SQL syntax; check the manual that corresponds to your MySQL server version for the right syntax to use near 'as total_Inkinds
FROM `inkinddonation_tbl`
WHERE `status` = 'Received'
AND `stat' at line 1
in SYSTEMPATH\Database\BaseConnection.php on line 646.
 1 SYSTEMPATH\Database\BaseBuilder.php(1615): CodeIgniter\Database\BaseConnection->query('SELECT YEAR(donationdate) as year, MONTH(donationdate) as month, COUNT(*) AS as total_Inkinds
FROM `inkinddonation_tbl`
WHERE `status` = :status:
AND `status` = :status.1:
GROUP BY YEAR(donationdate), MONTH(donationdate)
ORDER BY YEAR(donationdate), MONTH(donationdate)', [...], false)
 2 SYSTEMPATH\Model.php(237): CodeIgniter\Database\BaseBuilder->get()
 3 SYSTEMPATH\BaseModel.php(624): CodeIgniter\Model->doFindAll(0, 0)
 4 APPPATH\Controllers\ReportController.php(40): CodeIgniter\BaseModel->findAll()
 5 SYSTEMPATH\CodeIgniter.php(919): App\Controllers\ReportController->getInKindDonations()
 6 SYSTEMPATH\CodeIgniter.php(494): CodeIgniter\CodeIgniter->runController(Object(App\Controllers\ReportController))
 7 SYSTEMPATH\CodeIgniter.php(353): CodeIgniter\CodeIgniter->handleRequest(null, Object(Config\Cache), false)
 8 FCPATH\index.php(79): CodeIgniter\CodeIgniter->run()
 9 SYSTEMPATH\Commands\Server\rewrite.php(47): require_once('D:\\laragon\\www\\method-oldagehome\\public\\index.php')
ERROR - 2024-11-25 01:07:06 --> mysqli_sql_exception: You have an error in your SQL syntax; check the manual that corresponds to your MySQL server version for the right syntax to use near 'as total_Inkinds
FROM `inkinddonation_tbl`
WHERE `status` = 'Received'
GROUP BY ' at line 1 in D:\laragon\www\method-oldagehome\system\Database\MySQLi\Connection.php:306
Stack trace:
#0 D:\laragon\www\method-oldagehome\system\Database\MySQLi\Connection.php(306): mysqli->query('SELECT YEAR(don...', 0)
#1 D:\laragon\www\method-oldagehome\system\Database\BaseConnection.php(692): CodeIgniter\Database\MySQLi\Connection->execute('SELECT YEAR(don...')
#2 D:\laragon\www\method-oldagehome\system\Database\BaseConnection.php(606): CodeIgniter\Database\BaseConnection->simpleQuery('SELECT YEAR(don...')
#3 D:\laragon\www\method-oldagehome\system\Database\BaseBuilder.php(1615): CodeIgniter\Database\BaseConnection->query('SELECT YEAR(don...', Array, false)
#4 D:\laragon\www\method-oldagehome\system\Model.php(237): CodeIgniter\Database\BaseBuilder->get()
#5 D:\laragon\www\method-oldagehome\system\BaseModel.php(624): CodeIgniter\Model->doFindAll(0, 0)
#6 D:\laragon\www\method-oldagehome\app\Controllers\ReportController.php(40): CodeIgniter\BaseModel->findAll()
#7 D:\laragon\www\method-oldagehome\system\CodeIgniter.php(919): App\Controllers\ReportController->getInKindDonations()
#8 D:\laragon\www\method-oldagehome\system\CodeIgniter.php(494): CodeIgniter\CodeIgniter->runController(Object(App\Controllers\ReportController))
#9 D:\laragon\www\method-oldagehome\system\CodeIgniter.php(353): CodeIgniter\CodeIgniter->handleRequest(NULL, Object(Config\Cache), false)
#10 D:\laragon\www\method-oldagehome\public\index.php(79): CodeIgniter\CodeIgniter->run()
#11 D:\laragon\www\method-oldagehome\system\Commands\Server\rewrite.php(47): require_once('D:\\laragon\\www\\...')
#12 {main}
CRITICAL - 2024-11-25 01:07:06 --> You have an error in your SQL syntax; check the manual that corresponds to your MySQL server version for the right syntax to use near 'as total_Inkinds
FROM `inkinddonation_tbl`
WHERE `status` = 'Received'
GROUP BY ' at line 1
in SYSTEMPATH\Database\BaseConnection.php on line 646.
 1 SYSTEMPATH\Database\BaseBuilder.php(1615): CodeIgniter\Database\BaseConnection->query('SELECT YEAR(donationdate) as year, MONTH(donationdate) as month, COUNT(*) AS as total_Inkinds
FROM `inkinddonation_tbl`
WHERE `status` = :status:
GROUP BY YEAR(donationdate), MONTH(donationdate)
ORDER BY YEAR(donationdate), MONTH(donationdate)', [...], false)
 2 SYSTEMPATH\Model.php(237): CodeIgniter\Database\BaseBuilder->get()
 3 SYSTEMPATH\BaseModel.php(624): CodeIgniter\Model->doFindAll(0, 0)
 4 APPPATH\Controllers\ReportController.php(40): CodeIgniter\BaseModel->findAll()
 5 SYSTEMPATH\CodeIgniter.php(919): App\Controllers\ReportController->getInKindDonations()
 6 SYSTEMPATH\CodeIgniter.php(494): CodeIgniter\CodeIgniter->runController(Object(App\Controllers\ReportController))
 7 SYSTEMPATH\CodeIgniter.php(353): CodeIgniter\CodeIgniter->handleRequest(null, Object(Config\Cache), false)
 8 FCPATH\index.php(79): CodeIgniter\CodeIgniter->run()
 9 SYSTEMPATH\Commands\Server\rewrite.php(47): require_once('D:\\laragon\\www\\method-oldagehome\\public\\index.php')
ERROR - 2024-11-25 01:07:23 --> mysqli_sql_exception: You have an error in your SQL syntax; check the manual that corresponds to your MySQL server version for the right syntax to use near 'as total_Inkinds
FROM `inkinddonation_tbl`
GROUP BY YEAR(donationdate), MONTH(do' at line 1 in D:\laragon\www\method-oldagehome\system\Database\MySQLi\Connection.php:306
Stack trace:
#0 D:\laragon\www\method-oldagehome\system\Database\MySQLi\Connection.php(306): mysqli->query('SELECT YEAR(don...', 0)
#1 D:\laragon\www\method-oldagehome\system\Database\BaseConnection.php(692): CodeIgniter\Database\MySQLi\Connection->execute('SELECT YEAR(don...')
#2 D:\laragon\www\method-oldagehome\system\Database\BaseConnection.php(606): CodeIgniter\Database\BaseConnection->simpleQuery('SELECT YEAR(don...')
#3 D:\laragon\www\method-oldagehome\system\Database\BaseBuilder.php(1615): CodeIgniter\Database\BaseConnection->query('SELECT YEAR(don...', Array, false)
#4 D:\laragon\www\method-oldagehome\system\Model.php(237): CodeIgniter\Database\BaseBuilder->get()
#5 D:\laragon\www\method-oldagehome\system\BaseModel.php(624): CodeIgniter\Model->doFindAll(0, 0)
#6 D:\laragon\www\method-oldagehome\app\Controllers\ReportController.php(40): CodeIgniter\BaseModel->findAll()
#7 D:\laragon\www\method-oldagehome\system\CodeIgniter.php(919): App\Controllers\ReportController->getInKindDonations()
#8 D:\laragon\www\method-oldagehome\system\CodeIgniter.php(494): CodeIgniter\CodeIgniter->runController(Object(App\Controllers\ReportController))
#9 D:\laragon\www\method-oldagehome\system\CodeIgniter.php(353): CodeIgniter\CodeIgniter->handleRequest(NULL, Object(Config\Cache), false)
#10 D:\laragon\www\method-oldagehome\public\index.php(79): CodeIgniter\CodeIgniter->run()
#11 D:\laragon\www\method-oldagehome\system\Commands\Server\rewrite.php(47): require_once('D:\\laragon\\www\\...')
#12 {main}
CRITICAL - 2024-11-25 01:07:23 --> You have an error in your SQL syntax; check the manual that corresponds to your MySQL server version for the right syntax to use near 'as total_Inkinds
FROM `inkinddonation_tbl`
GROUP BY YEAR(donationdate), MONTH(do' at line 1
in SYSTEMPATH\Database\BaseConnection.php on line 646.
 1 SYSTEMPATH\Database\BaseBuilder.php(1615): CodeIgniter\Database\BaseConnection->query('SELECT YEAR(donationdate) as year, MONTH(donationdate) as month, COUNT(*) AS as total_Inkinds
FROM `inkinddonation_tbl`
GROUP BY YEAR(donationdate), MONTH(donationdate)
ORDER BY YEAR(donationdate), MONTH(donationdate)', [], false)
 2 SYSTEMPATH\Model.php(237): CodeIgniter\Database\BaseBuilder->get()
 3 SYSTEMPATH\BaseModel.php(624): CodeIgniter\Model->doFindAll(0, 0)
 4 APPPATH\Controllers\ReportController.php(40): CodeIgniter\BaseModel->findAll()
 5 SYSTEMPATH\CodeIgniter.php(919): App\Controllers\ReportController->getInKindDonations()
 6 SYSTEMPATH\CodeIgniter.php(494): CodeIgniter\CodeIgniter->runController(Object(App\Controllers\ReportController))
 7 SYSTEMPATH\CodeIgniter.php(353): CodeIgniter\CodeIgniter->handleRequest(null, Object(Config\Cache), false)
 8 FCPATH\index.php(79): CodeIgniter\CodeIgniter->run()
 9 SYSTEMPATH\Commands\Server\rewrite.php(47): require_once('D:\\laragon\\www\\method-oldagehome\\public\\index.php')
ERROR - 2024-11-25 01:07:35 --> mysqli_sql_exception: You have an error in your SQL syntax; check the manual that corresponds to your MySQL server version for the right syntax to use near 'as total_Inkinds
FROM `inkinddonation_tbl`
WHERE `status` = 'Received'
GROUP BY ' at line 1 in D:\laragon\www\method-oldagehome\system\Database\MySQLi\Connection.php:306
Stack trace:
#0 D:\laragon\www\method-oldagehome\system\Database\MySQLi\Connection.php(306): mysqli->query('SELECT YEAR(don...', 0)
#1 D:\laragon\www\method-oldagehome\system\Database\BaseConnection.php(692): CodeIgniter\Database\MySQLi\Connection->execute('SELECT YEAR(don...')
#2 D:\laragon\www\method-oldagehome\system\Database\BaseConnection.php(606): CodeIgniter\Database\BaseConnection->simpleQuery('SELECT YEAR(don...')
#3 D:\laragon\www\method-oldagehome\system\Database\BaseBuilder.php(1615): CodeIgniter\Database\BaseConnection->query('SELECT YEAR(don...', Array, false)
#4 D:\laragon\www\method-oldagehome\system\Model.php(237): CodeIgniter\Database\BaseBuilder->get()
#5 D:\laragon\www\method-oldagehome\system\BaseModel.php(624): CodeIgniter\Model->doFindAll(0, 0)
#6 D:\laragon\www\method-oldagehome\app\Controllers\ReportController.php(40): CodeIgniter\BaseModel->findAll()
#7 D:\laragon\www\method-oldagehome\system\CodeIgniter.php(919): App\Controllers\ReportController->getInKindDonations()
#8 D:\laragon\www\method-oldagehome\system\CodeIgniter.php(494): CodeIgniter\CodeIgniter->runController(Object(App\Controllers\ReportController))
#9 D:\laragon\www\method-oldagehome\system\CodeIgniter.php(353): CodeIgniter\CodeIgniter->handleRequest(NULL, Object(Config\Cache), false)
#10 D:\laragon\www\method-oldagehome\public\index.php(79): CodeIgniter\CodeIgniter->run()
#11 D:\laragon\www\method-oldagehome\system\Commands\Server\rewrite.php(47): require_once('D:\\laragon\\www\\...')
#12 {main}
CRITICAL - 2024-11-25 01:07:35 --> You have an error in your SQL syntax; check the manual that corresponds to your MySQL server version for the right syntax to use near 'as total_Inkinds
FROM `inkinddonation_tbl`
WHERE `status` = 'Received'
GROUP BY ' at line 1
in SYSTEMPATH\Database\BaseConnection.php on line 646.
 1 SYSTEMPATH\Database\BaseBuilder.php(1615): CodeIgniter\Database\BaseConnection->query('SELECT YEAR(donationdate) as year, MONTH(donationdate) as month, COUNT(*) AS as total_Inkinds
FROM `inkinddonation_tbl`
WHERE `status` = :status:
GROUP BY YEAR(donationdate), MONTH(donationdate)
ORDER BY YEAR(donationdate), MONTH(donationdate)', [...], false)
 2 SYSTEMPATH\Model.php(237): CodeIgniter\Database\BaseBuilder->get()
 3 SYSTEMPATH\BaseModel.php(624): CodeIgniter\Model->doFindAll(0, 0)
 4 APPPATH\Controllers\ReportController.php(40): CodeIgniter\BaseModel->findAll()
 5 SYSTEMPATH\CodeIgniter.php(919): App\Controllers\ReportController->getInKindDonations()
 6 SYSTEMPATH\CodeIgniter.php(494): CodeIgniter\CodeIgniter->runController(Object(App\Controllers\ReportController))
 7 SYSTEMPATH\CodeIgniter.php(353): CodeIgniter\CodeIgniter->handleRequest(null, Object(Config\Cache), false)
 8 FCPATH\index.php(79): CodeIgniter\CodeIgniter->run()
 9 SYSTEMPATH\Commands\Server\rewrite.php(47): require_once('D:\\laragon\\www\\method-oldagehome\\public\\index.php')
CRITICAL - 2024-11-25 02:11:19 --> Trying to access array offset on value of type null
in APPPATH\Views\dashboard\editMonetary.php on line 50.
 1 APPPATH\Views\dashboard\editMonetary.php(50): CodeIgniter\Debug\Exceptions->errorHandler(2, 'Trying to access array offset on value of type null', 'D:\\laragon\\www\\method-oldagehome\\app\\Views\\dashboard\\editMonetary.php', 50)
 2 SYSTEMPATH\View\View.php(226): include('D:\\laragon\\www\\method-oldagehome\\app\\Views\\dashboard\\editMonetary.php')
 3 SYSTEMPATH\View\View.php(229): CodeIgniter\View\View->CodeIgniter\View\{closure}()
 4 SYSTEMPATH\Common.php(1188): CodeIgniter\View\View->render('dashboard/editMonetary', [], true)
 5 APPPATH\Controllers\UserIdonateController.php(716): view('dashboard/editMonetary', [...])
 6 SYSTEMPATH\CodeIgniter.php(919): App\Controllers\UserIdonateController->getToeditMonetary('login', 'vendors', 'typicons', 'typicons.css')
 7 SYSTEMPATH\CodeIgniter.php(494): CodeIgniter\CodeIgniter->runController(Object(App\Controllers\UserIdonateController))
 8 SYSTEMPATH\CodeIgniter.php(353): CodeIgniter\CodeIgniter->handleRequest(null, Object(Config\Cache), false)
 9 FCPATH\index.php(79): CodeIgniter\CodeIgniter->run()
10 SYSTEMPATH\Commands\Server\rewrite.php(47): require_once('D:\\laragon\\www\\method-oldagehome\\public\\index.php')
CRITICAL - 2024-11-25 02:11:20 --> Trying to access array offset on value of type null
in APPPATH\Views\dashboard\editMonetary.php on line 50.
 1 APPPATH\Views\dashboard\editMonetary.php(50): CodeIgniter\Debug\Exceptions->errorHandler(2, 'Trying to access array offset on value of type null', 'D:\\laragon\\www\\method-oldagehome\\app\\Views\\dashboard\\editMonetary.php', 50)
 2 SYSTEMPATH\View\View.php(226): include('D:\\laragon\\www\\method-oldagehome\\app\\Views\\dashboard\\editMonetary.php')
 3 SYSTEMPATH\View\View.php(229): CodeIgniter\View\View->CodeIgniter\View\{closure}()
 4 SYSTEMPATH\Common.php(1188): CodeIgniter\View\View->render('dashboard/editMonetary', [], true)
 5 APPPATH\Controllers\UserIdonateController.php(716): view('dashboard/editMonetary', [...])
 6 SYSTEMPATH\CodeIgniter.php(919): App\Controllers\UserIdonateController->getToeditMonetary('login', 'vendors', 'css', 'vendor.bundle.base.css')
 7 SYSTEMPATH\CodeIgniter.php(494): CodeIgniter\CodeIgniter->runController(Object(App\Controllers\UserIdonateController))
 8 SYSTEMPATH\CodeIgniter.php(353): CodeIgniter\CodeIgniter->handleRequest(null, Object(Config\Cache), false)
 9 FCPATH\index.php(79): CodeIgniter\CodeIgniter->run()
10 SYSTEMPATH\Commands\Server\rewrite.php(47): require_once('D:\\laragon\\www\\method-oldagehome\\public\\index.php')
CRITICAL - 2024-11-25 02:11:20 --> Trying to access array offset on value of type null
in APPPATH\Views\dashboard\editMonetary.php on line 50.
 1 APPPATH\Views\dashboard\editMonetary.php(50): CodeIgniter\Debug\Exceptions->errorHandler(2, 'Trying to access array offset on value of type null', 'D:\\laragon\\www\\method-oldagehome\\app\\Views\\dashboard\\editMonetary.php', 50)
 2 SYSTEMPATH\View\View.php(226): include('D:\\laragon\\www\\method-oldagehome\\app\\Views\\dashboard\\editMonetary.php')
 3 SYSTEMPATH\View\View.php(229): CodeIgniter\View\View->CodeIgniter\View\{closure}()
 4 SYSTEMPATH\Common.php(1188): CodeIgniter\View\View->render('dashboard/editMonetary', [], true)
 5 APPPATH\Controllers\UserIdonateController.php(716): view('dashboard/editMonetary', [...])
 6 SYSTEMPATH\CodeIgniter.php(919): App\Controllers\UserIdonateController->getToeditMonetary('login', 'vendors', 'select2', 'select2.min.css')
 7 SYSTEMPATH\CodeIgniter.php(494): CodeIgniter\CodeIgniter->runController(Object(App\Controllers\UserIdonateController))
 8 SYSTEMPATH\CodeIgniter.php(353): CodeIgniter\CodeIgniter->handleRequest(null, Object(Config\Cache), false)
 9 FCPATH\index.php(79): CodeIgniter\CodeIgniter->run()
10 SYSTEMPATH\Commands\Server\rewrite.php(47): require_once('D:\\laragon\\www\\method-oldagehome\\public\\index.php')
CRITICAL - 2024-11-25 02:11:21 --> Trying to access array offset on value of type null
in APPPATH\Views\dashboard\editMonetary.php on line 50.
 1 APPPATH\Views\dashboard\editMonetary.php(50): CodeIgniter\Debug\Exceptions->errorHandler(2, 'Trying to access array offset on value of type null', 'D:\\laragon\\www\\method-oldagehome\\app\\Views\\dashboard\\editMonetary.php', 50)
 2 SYSTEMPATH\View\View.php(226): include('D:\\laragon\\www\\method-oldagehome\\app\\Views\\dashboard\\editMonetary.php')
 3 SYSTEMPATH\View\View.php(229): CodeIgniter\View\View->CodeIgniter\View\{closure}()
 4 SYSTEMPATH\Common.php(1188): CodeIgniter\View\View->render('dashboard/editMonetary', [], true)
 5 APPPATH\Controllers\UserIdonateController.php(716): view('dashboard/editMonetary', [...])
 6 SYSTEMPATH\CodeIgniter.php(919): App\Controllers\UserIdonateController->getToeditMonetary('login', 'vendors', 'select2-bootstrap-theme', 'select2-bootstrap.min.css')
 7 SYSTEMPATH\CodeIgniter.php(494): CodeIgniter\CodeIgniter->runController(Object(App\Controllers\UserIdonateController))
 8 SYSTEMPATH\CodeIgniter.php(353): CodeIgniter\CodeIgniter->handleRequest(null, Object(Config\Cache), false)
 9 FCPATH\index.php(79): CodeIgniter\CodeIgniter->run()
10 SYSTEMPATH\Commands\Server\rewrite.php(47): require_once('D:\\laragon\\www\\method-oldagehome\\public\\index.php')
CRITICAL - 2024-11-25 02:11:21 --> Trying to access array offset on value of type null
in APPPATH\Views\dashboard\editMonetary.php on line 50.
 1 APPPATH\Views\dashboard\editMonetary.php(50): CodeIgniter\Debug\Exceptions->errorHandler(2, 'Trying to access array offset on value of type null', 'D:\\laragon\\www\\method-oldagehome\\app\\Views\\dashboard\\editMonetary.php', 50)
 2 SYSTEMPATH\View\View.php(226): include('D:\\laragon\\www\\method-oldagehome\\app\\Views\\dashboard\\editMonetary.php')
 3 SYSTEMPATH\View\View.php(229): CodeIgniter\View\View->CodeIgniter\View\{closure}()
 4 SYSTEMPATH\Common.php(1188): CodeIgniter\View\View->render('dashboard/editMonetary', [], true)
 5 APPPATH\Controllers\UserIdonateController.php(716): view('dashboard/editMonetary', [...])
 6 SYSTEMPATH\CodeIgniter.php(919): App\Controllers\UserIdonateController->getToeditMonetary('login', 'css', 'vertical-layout-light', 'style.css')
 7 SYSTEMPATH\CodeIgniter.php(494): CodeIgniter\CodeIgniter->runController(Object(App\Controllers\UserIdonateController))
 8 SYSTEMPATH\CodeIgniter.php(353): CodeIgniter\CodeIgniter->handleRequest(null, Object(Config\Cache), false)
 9 FCPATH\index.php(79): CodeIgniter\CodeIgniter->run()
10 SYSTEMPATH\Commands\Server\rewrite.php(47): require_once('D:\\laragon\\www\\method-oldagehome\\public\\index.php')
CRITICAL - 2024-11-25 02:11:21 --> Trying to access array offset on value of type null
in APPPATH\Views\dashboard\editMonetary.php on line 50.
 1 APPPATH\Views\dashboard\editMonetary.php(50): CodeIgniter\Debug\Exceptions->errorHandler(2, 'Trying to access array offset on value of type null', 'D:\\laragon\\www\\method-oldagehome\\app\\Views\\dashboard\\editMonetary.php', 50)
 2 SYSTEMPATH\View\View.php(226): include('D:\\laragon\\www\\method-oldagehome\\app\\Views\\dashboard\\editMonetary.php')
 3 SYSTEMPATH\View\View.php(229): CodeIgniter\View\View->CodeIgniter\View\{closure}()
 4 SYSTEMPATH\Common.php(1188): CodeIgniter\View\View->render('dashboard/editMonetary', [], true)
 5 APPPATH\Controllers\UserIdonateController.php(716): view('dashboard/editMonetary', [...])
 6 SYSTEMPATH\CodeIgniter.php(919): App\Controllers\UserIdonateController->getToeditMonetary('vendors', 'js', 'vendor.bundle.base.js')
 7 SYSTEMPATH\CodeIgniter.php(494): CodeIgniter\CodeIgniter->runController(Object(App\Controllers\UserIdonateController))
 8 SYSTEMPATH\CodeIgniter.php(353): CodeIgniter\CodeIgniter->handleRequest(null, Object(Config\Cache), false)
 9 FCPATH\index.php(79): CodeIgniter\CodeIgniter->run()
10 SYSTEMPATH\Commands\Server\rewrite.php(47): require_once('D:\\laragon\\www\\method-oldagehome\\public\\index.php')
CRITICAL - 2024-11-25 02:11:22 --> Trying to access array offset on value of type null
in APPPATH\Views\dashboard\editMonetary.php on line 50.
 1 APPPATH\Views\dashboard\editMonetary.php(50): CodeIgniter\Debug\Exceptions->errorHandler(2, 'Trying to access array offset on value of type null', 'D:\\laragon\\www\\method-oldagehome\\app\\Views\\dashboard\\editMonetary.php', 50)
 2 SYSTEMPATH\View\View.php(226): include('D:\\laragon\\www\\method-oldagehome\\app\\Views\\dashboard\\editMonetary.php')
 3 SYSTEMPATH\View\View.php(229): CodeIgniter\View\View->CodeIgniter\View\{closure}()
 4 SYSTEMPATH\Common.php(1188): CodeIgniter\View\View->render('dashboard/editMonetary', [], true)
 5 APPPATH\Controllers\UserIdonateController.php(716): view('dashboard/editMonetary', [...])
 6 SYSTEMPATH\CodeIgniter.php(919): App\Controllers\UserIdonateController->getToeditMonetary('js', 'off-canvas.js')
 7 SYSTEMPATH\CodeIgniter.php(494): CodeIgniter\CodeIgniter->runController(Object(App\Controllers\UserIdonateController))
 8 SYSTEMPATH\CodeIgniter.php(353): CodeIgniter\CodeIgniter->handleRequest(null, Object(Config\Cache), false)
 9 FCPATH\index.php(79): CodeIgniter\CodeIgniter->run()
10 SYSTEMPATH\Commands\Server\rewrite.php(47): require_once('D:\\laragon\\www\\method-oldagehome\\public\\index.php')
CRITICAL - 2024-11-25 02:11:22 --> Trying to access array offset on value of type null
in APPPATH\Views\dashboard\editMonetary.php on line 50.
 1 APPPATH\Views\dashboard\editMonetary.php(50): CodeIgniter\Debug\Exceptions->errorHandler(2, 'Trying to access array offset on value of type null', 'D:\\laragon\\www\\method-oldagehome\\app\\Views\\dashboard\\editMonetary.php', 50)
 2 SYSTEMPATH\View\View.php(226): include('D:\\laragon\\www\\method-oldagehome\\app\\Views\\dashboard\\editMonetary.php')
 3 SYSTEMPATH\View\View.php(229): CodeIgniter\View\View->CodeIgniter\View\{closure}()
 4 SYSTEMPATH\Common.php(1188): CodeIgniter\View\View->render('dashboard/editMonetary', [], true)
 5 APPPATH\Controllers\UserIdonateController.php(716): view('dashboard/editMonetary', [...])
 6 SYSTEMPATH\CodeIgniter.php(919): App\Controllers\UserIdonateController->getToeditMonetary('js', 'hoverable-collapse.js')
 7 SYSTEMPATH\CodeIgniter.php(494): CodeIgniter\CodeIgniter->runController(Object(App\Controllers\UserIdonateController))
 8 SYSTEMPATH\CodeIgniter.php(353): CodeIgniter\CodeIgniter->handleRequest(null, Object(Config\Cache), false)
 9 FCPATH\index.php(79): CodeIgniter\CodeIgniter->run()
10 SYSTEMPATH\Commands\Server\rewrite.php(47): require_once('D:\\laragon\\www\\method-oldagehome\\public\\index.php')
CRITICAL - 2024-11-25 02:11:23 --> Trying to access array offset on value of type null
in APPPATH\Views\dashboard\editMonetary.php on line 50.
 1 APPPATH\Views\dashboard\editMonetary.php(50): CodeIgniter\Debug\Exceptions->errorHandler(2, 'Trying to access array offset on value of type null', 'D:\\laragon\\www\\method-oldagehome\\app\\Views\\dashboard\\editMonetary.php', 50)
 2 SYSTEMPATH\View\View.php(226): include('D:\\laragon\\www\\method-oldagehome\\app\\Views\\dashboard\\editMonetary.php')
 3 SYSTEMPATH\View\View.php(229): CodeIgniter\View\View->CodeIgniter\View\{closure}()
 4 SYSTEMPATH\Common.php(1188): CodeIgniter\View\View->render('dashboard/editMonetary', [], true)
 5 APPPATH\Controllers\UserIdonateController.php(716): view('dashboard/editMonetary', [...])
 6 SYSTEMPATH\CodeIgniter.php(919): App\Controllers\UserIdonateController->getToeditMonetary('js', 'template.js')
 7 SYSTEMPATH\CodeIgniter.php(494): CodeIgniter\CodeIgniter->runController(Object(App\Controllers\UserIdonateController))
 8 SYSTEMPATH\CodeIgniter.php(353): CodeIgniter\CodeIgniter->handleRequest(null, Object(Config\Cache), false)
 9 FCPATH\index.php(79): CodeIgniter\CodeIgniter->run()
10 SYSTEMPATH\Commands\Server\rewrite.php(47): require_once('D:\\laragon\\www\\method-oldagehome\\public\\index.php')
CRITICAL - 2024-11-25 02:11:23 --> Trying to access array offset on value of type null
in APPPATH\Views\dashboard\editMonetary.php on line 50.
 1 APPPATH\Views\dashboard\editMonetary.php(50): CodeIgniter\Debug\Exceptions->errorHandler(2, 'Trying to access array offset on value of type null', 'D:\\laragon\\www\\method-oldagehome\\app\\Views\\dashboard\\editMonetary.php', 50)
 2 SYSTEMPATH\View\View.php(226): include('D:\\laragon\\www\\method-oldagehome\\app\\Views\\dashboard\\editMonetary.php')
 3 SYSTEMPATH\View\View.php(229): CodeIgniter\View\View->CodeIgniter\View\{closure}()
 4 SYSTEMPATH\Common.php(1188): CodeIgniter\View\View->render('dashboard/editMonetary', [], true)
 5 APPPATH\Controllers\UserIdonateController.php(716): view('dashboard/editMonetary', [...])
 6 SYSTEMPATH\CodeIgniter.php(919): App\Controllers\UserIdonateController->getToeditMonetary('js', 'settings.js')
 7 SYSTEMPATH\CodeIgniter.php(494): CodeIgniter\CodeIgniter->runController(Object(App\Controllers\UserIdonateController))
 8 SYSTEMPATH\CodeIgniter.php(353): CodeIgniter\CodeIgniter->handleRequest(null, Object(Config\Cache), false)
 9 FCPATH\index.php(79): CodeIgniter\CodeIgniter->run()
10 SYSTEMPATH\Commands\Server\rewrite.php(47): require_once('D:\\laragon\\www\\method-oldagehome\\public\\index.php')
CRITICAL - 2024-11-25 02:11:24 --> Trying to access array offset on value of type null
in APPPATH\Views\dashboard\editMonetary.php on line 50.
 1 APPPATH\Views\dashboard\editMonetary.php(50): CodeIgniter\Debug\Exceptions->errorHandler(2, 'Trying to access array offset on value of type null', 'D:\\laragon\\www\\method-oldagehome\\app\\Views\\dashboard\\editMonetary.php', 50)
 2 SYSTEMPATH\View\View.php(226): include('D:\\laragon\\www\\method-oldagehome\\app\\Views\\dashboard\\editMonetary.php')
 3 SYSTEMPATH\View\View.php(229): CodeIgniter\View\View->CodeIgniter\View\{closure}()
 4 SYSTEMPATH\Common.php(1188): CodeIgniter\View\View->render('dashboard/editMonetary', [], true)
 5 APPPATH\Controllers\UserIdonateController.php(716): view('dashboard/editMonetary', [...])
 6 SYSTEMPATH\CodeIgniter.php(919): App\Controllers\UserIdonateController->getToeditMonetary('js', 'todolist.js')
 7 SYSTEMPATH\CodeIgniter.php(494): CodeIgniter\CodeIgniter->runController(Object(App\Controllers\UserIdonateController))
 8 SYSTEMPATH\CodeIgniter.php(353): CodeIgniter\CodeIgniter->handleRequest(null, Object(Config\Cache), false)
 9 FCPATH\index.php(79): CodeIgniter\CodeIgniter->run()
10 SYSTEMPATH\Commands\Server\rewrite.php(47): require_once('D:\\laragon\\www\\method-oldagehome\\public\\index.php')
CRITICAL - 2024-11-25 02:11:24 --> Trying to access array offset on value of type null
in APPPATH\Views\dashboard\editMonetary.php on line 50.
 1 APPPATH\Views\dashboard\editMonetary.php(50): CodeIgniter\Debug\Exceptions->errorHandler(2, 'Trying to access array offset on value of type null', 'D:\\laragon\\www\\method-oldagehome\\app\\Views\\dashboard\\editMonetary.php', 50)
 2 SYSTEMPATH\View\View.php(226): include('D:\\laragon\\www\\method-oldagehome\\app\\Views\\dashboard\\editMonetary.php')
 3 SYSTEMPATH\View\View.php(229): CodeIgniter\View\View->CodeIgniter\View\{closure}()
 4 SYSTEMPATH\Common.php(1188): CodeIgniter\View\View->render('dashboard/editMonetary', [], true)
 5 APPPATH\Controllers\UserIdonateController.php(716): view('dashboard/editMonetary', [...])
 6 SYSTEMPATH\CodeIgniter.php(919): App\Controllers\UserIdonateController->getToeditMonetary('vendors', 'typeahead.js', 'typeahead.bundle.min.js')
 7 SYSTEMPATH\CodeIgniter.php(494): CodeIgniter\CodeIgniter->runController(Object(App\Controllers\UserIdonateController))
 8 SYSTEMPATH\CodeIgniter.php(353): CodeIgniter\CodeIgniter->handleRequest(null, Object(Config\Cache), false)
 9 FCPATH\index.php(79): CodeIgniter\CodeIgniter->run()
10 SYSTEMPATH\Commands\Server\rewrite.php(47): require_once('D:\\laragon\\www\\method-oldagehome\\public\\index.php')
CRITICAL - 2024-11-25 02:11:24 --> Trying to access array offset on value of type null
in APPPATH\Views\dashboard\editMonetary.php on line 50.
 1 APPPATH\Views\dashboard\editMonetary.php(50): CodeIgniter\Debug\Exceptions->errorHandler(2, 'Trying to access array offset on value of type null', 'D:\\laragon\\www\\method-oldagehome\\app\\Views\\dashboard\\editMonetary.php', 50)
 2 SYSTEMPATH\View\View.php(226): include('D:\\laragon\\www\\method-oldagehome\\app\\Views\\dashboard\\editMonetary.php')
 3 SYSTEMPATH\View\View.php(229): CodeIgniter\View\View->CodeIgniter\View\{closure}()
 4 SYSTEMPATH\Common.php(1188): CodeIgniter\View\View->render('dashboard/editMonetary', [], true)
 5 APPPATH\Controllers\UserIdonateController.php(716): view('dashboard/editMonetary', [...])
 6 SYSTEMPATH\CodeIgniter.php(919): App\Controllers\UserIdonateController->getToeditMonetary('vendors', 'select2', 'select2.min.js')
 7 SYSTEMPATH\CodeIgniter.php(494): CodeIgniter\CodeIgniter->runController(Object(App\Controllers\UserIdonateController))
 8 SYSTEMPATH\CodeIgniter.php(353): CodeIgniter\CodeIgniter->handleRequest(null, Object(Config\Cache), false)
 9 FCPATH\index.php(79): CodeIgniter\CodeIgniter->run()
10 SYSTEMPATH\Commands\Server\rewrite.php(47): require_once('D:\\laragon\\www\\method-oldagehome\\public\\index.php')
CRITICAL - 2024-11-25 02:11:25 --> Trying to access array offset on value of type null
in APPPATH\Views\dashboard\editMonetary.php on line 50.
 1 APPPATH\Views\dashboard\editMonetary.php(50): CodeIgniter\Debug\Exceptions->errorHandler(2, 'Trying to access array offset on value of type null', 'D:\\laragon\\www\\method-oldagehome\\app\\Views\\dashboard\\editMonetary.php', 50)
 2 SYSTEMPATH\View\View.php(226): include('D:\\laragon\\www\\method-oldagehome\\app\\Views\\dashboard\\editMonetary.php')
 3 SYSTEMPATH\View\View.php(229): CodeIgniter\View\View->CodeIgniter\View\{closure}()
 4 SYSTEMPATH\Common.php(1188): CodeIgniter\View\View->render('dashboard/editMonetary', [], true)
 5 APPPATH\Controllers\UserIdonateController.php(716): view('dashboard/editMonetary', [...])
 6 SYSTEMPATH\CodeIgniter.php(919): App\Controllers\UserIdonateController->getToeditMonetary('js', 'file-upload.js')
 7 SYSTEMPATH\CodeIgniter.php(494): CodeIgniter\CodeIgniter->runController(Object(App\Controllers\UserIdonateController))
 8 SYSTEMPATH\CodeIgniter.php(353): CodeIgniter\CodeIgniter->handleRequest(null, Object(Config\Cache), false)
 9 FCPATH\index.php(79): CodeIgniter\CodeIgniter->run()
10 SYSTEMPATH\Commands\Server\rewrite.php(47): require_once('D:\\laragon\\www\\method-oldagehome\\public\\index.php')
CRITICAL - 2024-11-25 02:11:26 --> Trying to access array offset on value of type null
in APPPATH\Views\dashboard\editMonetary.php on line 50.
 1 APPPATH\Views\dashboard\editMonetary.php(50): CodeIgniter\Debug\Exceptions->errorHandler(2, 'Trying to access array offset on value of type null', 'D:\\laragon\\www\\method-oldagehome\\app\\Views\\dashboard\\editMonetary.php', 50)
 2 SYSTEMPATH\View\View.php(226): include('D:\\laragon\\www\\method-oldagehome\\app\\Views\\dashboard\\editMonetary.php')
 3 SYSTEMPATH\View\View.php(229): CodeIgniter\View\View->CodeIgniter\View\{closure}()
 4 SYSTEMPATH\Common.php(1188): CodeIgniter\View\View->render('dashboard/editMonetary', [], true)
 5 APPPATH\Controllers\UserIdonateController.php(716): view('dashboard/editMonetary', [...])
 6 SYSTEMPATH\CodeIgniter.php(919): App\Controllers\UserIdonateController->getToeditMonetary('js', 'typeahead.js')
 7 SYSTEMPATH\CodeIgniter.php(494): CodeIgniter\CodeIgniter->runController(Object(App\Controllers\UserIdonateController))
 8 SYSTEMPATH\CodeIgniter.php(353): CodeIgniter\CodeIgniter->handleRequest(null, Object(Config\Cache), false)
 9 FCPATH\index.php(79): CodeIgniter\CodeIgniter->run()
10 SYSTEMPATH\Commands\Server\rewrite.php(47): require_once('D:\\laragon\\www\\method-oldagehome\\public\\index.php')
CRITICAL - 2024-11-25 02:11:26 --> Trying to access array offset on value of type null
in APPPATH\Views\dashboard\editMonetary.php on line 50.
 1 APPPATH\Views\dashboard\editMonetary.php(50): CodeIgniter\Debug\Exceptions->errorHandler(2, 'Trying to access array offset on value of type null', 'D:\\laragon\\www\\method-oldagehome\\app\\Views\\dashboard\\editMonetary.php', 50)
 2 SYSTEMPATH\View\View.php(226): include('D:\\laragon\\www\\method-oldagehome\\app\\Views\\dashboard\\editMonetary.php')
 3 SYSTEMPATH\View\View.php(229): CodeIgniter\View\View->CodeIgniter\View\{closure}()
 4 SYSTEMPATH\Common.php(1188): CodeIgniter\View\View->render('dashboard/editMonetary', [], true)
 5 APPPATH\Controllers\UserIdonateController.php(716): view('dashboard/editMonetary', [...])
 6 SYSTEMPATH\CodeIgniter.php(919): App\Controllers\UserIdonateController->getToeditMonetary('js', 'select2.js')
 7 SYSTEMPATH\CodeIgniter.php(494): CodeIgniter\CodeIgniter->runController(Object(App\Controllers\UserIdonateController))
 8 SYSTEMPATH\CodeIgniter.php(353): CodeIgniter\CodeIgniter->handleRequest(null, Object(Config\Cache), false)
 9 FCPATH\index.php(79): CodeIgniter\CodeIgniter->run()
10 SYSTEMPATH\Commands\Server\rewrite.php(47): require_once('D:\\laragon\\www\\method-oldagehome\\public\\index.php')
CRITICAL - 2024-11-25 02:20:04 --> Undefined array key "signature"
in APPPATH\Controllers\UserIdonateController.php on line 804.
 1 APPPATH\Controllers\UserIdonateController.php(804): CodeIgniter\Debug\Exceptions->errorHandler(2, 'Undefined array key "signature"', 'D:\\laragon\\www\\method-oldagehome\\app\\Controllers\\UserIdonateController.php', 804)
 2 SYSTEMPATH\CodeIgniter.php(919): App\Controllers\UserIdonateController->InsertDonation()
 3 SYSTEMPATH\CodeIgniter.php(494): CodeIgniter\CodeIgniter->runController(Object(App\Controllers\UserIdonateController))
 4 SYSTEMPATH\CodeIgniter.php(353): CodeIgniter\CodeIgniter->handleRequest(null, Object(Config\Cache), false)
 5 FCPATH\index.php(79): CodeIgniter\CodeIgniter->run()
 6 SYSTEMPATH\Commands\Server\rewrite.php(47): require_once('D:\\laragon\\www\\method-oldagehome\\public\\index.php')
CRITICAL - 2024-11-25 02:20:21 --> Undefined property: App\Controllers\UserIdonateController::$donationModel
in APPPATH\Controllers\UserIdonateController.php on line 840.
 1 APPPATH\Controllers\UserIdonateController.php(840): CodeIgniter\Debug\Exceptions->errorHandler(2, 'Undefined property: App\\Controllers\\UserIdonateController::$donationModel', 'D:\\laragon\\www\\method-oldagehome\\app\\Controllers\\UserIdonateController.php', 840)
 2 SYSTEMPATH\CodeIgniter.php(919): App\Controllers\UserIdonateController->InsertDonation()
 3 SYSTEMPATH\CodeIgniter.php(494): CodeIgniter\CodeIgniter->runController(Object(App\Controllers\UserIdonateController))
 4 SYSTEMPATH\CodeIgniter.php(353): CodeIgniter\CodeIgniter->handleRequest(null, Object(Config\Cache), false)
 5 FCPATH\index.php(79): CodeIgniter\CodeIgniter->run()
 6 SYSTEMPATH\Commands\Server\rewrite.php(47): require_once('D:\\laragon\\www\\method-oldagehome\\public\\index.php')
CRITICAL - 2024-11-25 22:01:02 --> Undefined array key 1
in APPPATH\Views\admin\donation.php on line 41.
 1 APPPATH\Views\admin\donation.php(41): CodeIgniter\Debug\Exceptions->errorHandler(2, 'Undefined array key 1', 'D:\\laragon\\www\\method-oldagehome\\app\\Views\\admin\\donation.php', 41)
 2 SYSTEMPATH\View\View.php(226): include('D:\\laragon\\www\\method-oldagehome\\app\\Views\\admin\\donation.php')
 3 SYSTEMPATH\View\View.php(229): CodeIgniter\View\View->CodeIgniter\View\{closure}()
 4 SYSTEMPATH\Common.php(1188): CodeIgniter\View\View->render('admin/donation', [], true)
 5 APPPATH\Controllers\ViewController.php(76): view('admin/donation', [...])
 6 SYSTEMPATH\CodeIgniter.php(919): App\Controllers\ViewController->donation()
 7 SYSTEMPATH\CodeIgniter.php(494): CodeIgniter\CodeIgniter->runController(Object(App\Controllers\ViewController))
 8 SYSTEMPATH\CodeIgniter.php(353): CodeIgniter\CodeIgniter->handleRequest(null, Object(Config\Cache), false)
 9 FCPATH\index.php(79): CodeIgniter\CodeIgniter->run()
10 SYSTEMPATH\Commands\Server\rewrite.php(47): require_once('D:\\laragon\\www\\method-oldagehome\\public\\index.php')
CRITICAL - 2024-11-25 22:04:20 --> Undefined array key 0
in APPPATH\Views\admin\donation.php on line 41.
 1 APPPATH\Views\admin\donation.php(41): CodeIgniter\Debug\Exceptions->errorHandler(2, 'Undefined array key 0', 'D:\\laragon\\www\\method-oldagehome\\app\\Views\\admin\\donation.php', 41)
 2 SYSTEMPATH\View\View.php(226): include('D:\\laragon\\www\\method-oldagehome\\app\\Views\\admin\\donation.php')
 3 SYSTEMPATH\View\View.php(229): CodeIgniter\View\View->CodeIgniter\View\{closure}()
 4 SYSTEMPATH\Common.php(1188): CodeIgniter\View\View->render('admin/donation', [], true)
 5 APPPATH\Controllers\ViewController.php(76): view('admin/donation', [...])
 6 SYSTEMPATH\CodeIgniter.php(919): App\Controllers\ViewController->donation()
 7 SYSTEMPATH\CodeIgniter.php(494): CodeIgniter\CodeIgniter->runController(Object(App\Controllers\ViewController))
 8 SYSTEMPATH\CodeIgniter.php(353): CodeIgniter\CodeIgniter->handleRequest(null, Object(Config\Cache), false)
 9 FCPATH\index.php(79): CodeIgniter\CodeIgniter->run()
10 SYSTEMPATH\Commands\Server\rewrite.php(47): require_once('D:\\laragon\\www\\method-oldagehome\\public\\index.php')
CRITICAL - 2024-11-25 22:04:43 --> Undefined array key 0
in APPPATH\Views\admin\donation.php on line 41.
 1 APPPATH\Views\admin\donation.php(41): CodeIgniter\Debug\Exceptions->errorHandler(2, 'Undefined array key 0', 'D:\\laragon\\www\\method-oldagehome\\app\\Views\\admin\\donation.php', 41)
 2 SYSTEMPATH\View\View.php(226): include('D:\\laragon\\www\\method-oldagehome\\app\\Views\\admin\\donation.php')
 3 SYSTEMPATH\View\View.php(229): CodeIgniter\View\View->CodeIgniter\View\{closure}()
 4 SYSTEMPATH\Common.php(1188): CodeIgniter\View\View->render('admin/donation', [], true)
 5 APPPATH\Controllers\ViewController.php(76): view('admin/donation', [...])
 6 SYSTEMPATH\CodeIgniter.php(919): App\Controllers\ViewController->donation()
 7 SYSTEMPATH\CodeIgniter.php(494): CodeIgniter\CodeIgniter->runController(Object(App\Controllers\ViewController))
 8 SYSTEMPATH\CodeIgniter.php(353): CodeIgniter\CodeIgniter->handleRequest(null, Object(Config\Cache), false)
 9 FCPATH\index.php(79): CodeIgniter\CodeIgniter->run()
10 SYSTEMPATH\Commands\Server\rewrite.php(47): require_once('D:\\laragon\\www\\method-oldagehome\\public\\index.php')
